******************************************************************************
                  TI ARM Linker PC v20.2.7                     
******************************************************************************
>> Linked Thu May 11 14:28:22 2023

OUTPUT FILE NAME:   <poslab 8.out>
ENTRY POINT SYMBOL: "_c_int00_noargs"  address: 000008fd


MEMORY CONFIGURATION

         name            origin    length      used     unused   attr    fill
----------------------  --------  ---------  --------  --------  ----  --------
  FLASH                 00000000   00040000  00000b5e  0003f4a2  R  X
  SRAM                  20000000   00008000  00000204  00007dfc  RW X


SEGMENT ALLOCATION MAP

run origin  load origin   length   init length attrs members
----------  ----------- ---------- ----------- ----- -------
00000000    00000000    00000b60   00000b60    r-x
  00000000    00000000    0000026c   0000026c    r-- .intvecs
  0000026c    0000026c    000007da   000007da    r-x .text
  00000a48    00000a48    00000100   00000100    r-- .const
  00000b48    00000b48    00000018   00000018    r-- .cinit
20000000    20000000    00000204   00000000    rw-
  20000000    20000000    00000200   00000000    rw- .stack
  20000200    20000200    00000004   00000000    rw- .data


SECTION ALLOCATION MAP

 output                                  attributes/
section   page    origin      length       input sections
--------  ----  ----------  ----------   ----------------
.intvecs   0    00000000    0000026c     
                  00000000    0000026c     tm4c123gh6pm_startup_ccs.obj (.intvecs)

.text      0    0000026c    000007da     
                  0000026c    00000194     main.obj (.text)
                  00000400    00000132     driverlib.lib : gpio.obj (.text:GPIOPadConfigSet)
                  00000532    00000002     --HOLE-- [fill = 0]
                  00000534    000000f4                   : sysctl.obj (.text:SysCtlClockSet)
                  00000628    0000009c     rtsv7M4_T_le_v4SPD16_eabi.lib : memcpy_t2.asm.obj (.text)
                  000006c4    00000068     driverlib.lib : interrupt.obj (.text:IntEnable)
                  0000072c    00000068     rtsv7M4_T_le_v4SPD16_eabi.lib : copy_decompress_lzss.c.obj (.text:decompress:lzss:__TI_decompress_lzss)
                  00000794    00000060     driverlib.lib : timer.obj (.text:TimerConfigure)
                  000007f4    00000048                   : gpio.obj (.text:GPIOPinConfigure)
                  0000083c    00000046                   : uart.obj (.text:UARTConfigSetExpClk)
                  00000882    00000002     --HOLE-- [fill = 0]
                  00000884    00000044     rtsv7M4_T_le_v4SPD16_eabi.lib : autoinit.c.obj (.text:__TI_auto_init_nobinit_nopinit:__TI_auto_init_nobinit_nopinit)
                  000008c8    00000034     driverlib.lib : sysctl.obj (.text:SysCtlPeripheralEnable)
                  000008fc    00000034     rtsv7M4_T_le_v4SPD16_eabi.lib : boot_cortex_m.c.obj (.text:_c_int00_noargs:_c_int00_noargs)
                  00000930    0000002a     driverlib.lib : gpio.obj (.text:GPIODirModeSet)
                  0000095a    00000002     --HOLE-- [fill = 0]
                  0000095c    00000020                   : uart.obj (.text:UARTDisable)
                  0000097c    00000018                   : gpio.obj (.text:GPIOPinTypeGPIOOutput)
                  00000994    00000014                   : uart.obj (.text:UARTEnable)
                  000009a8    00000012                   : gpio.obj (.text:GPIOPinTypeUART)
                  000009ba    00000012                   : timer.obj (.text:TimerLoadSet)
                  000009cc    00000010                   : interrupt.obj (.text:IntMasterEnable)
                  000009dc    0000000e                   : timer.obj (.text:TimerEnable)
                  000009ea    0000000e     rtsv7M4_T_le_v4SPD16_eabi.lib : copy_decompress_none.c.obj (.text:decompress:none:__TI_decompress_none)
                  000009f8    0000000c     driverlib.lib : cpu.obj (.text:CPUcpsie)
                  00000a04    0000000c     tm4c123gh6pm_startup_ccs.obj (.text)
                  00000a10    0000000a     driverlib.lib : uart.obj (.text:UARTCharGet)
                  00000a1a    00000008                   : timer.obj (.text:TimerIntEnable)
                  00000a22    00000008                   : uart.obj (.text:UARTIntEnable)
                  00000a2a    00000006                   : gpio.obj (.text:GPIOPinWrite)
                  00000a30    00000006                   : sysctl.obj (.text:SysCtlDelay)
                  00000a36    00000004                   : timer.obj (.text:TimerIntClear)
                  00000a3a    00000004                   : uart.obj (.text:UARTIntClear)
                  00000a3e    00000004     rtsv7M4_T_le_v4SPD16_eabi.lib : pre_init.c.obj (.text:_system_pre_init)
                  00000a42    00000004                                   : exit.c.obj (.text:abort:abort)

.const     0    00000a48    00000100     
                  00000a48    00000090     driverlib.lib : gpio.obj (.const:g_pui32GPIOBaseAddrs)
                  00000ad8    00000070                   : interrupt.obj (.const)

.cinit     0    00000b48    00000018     
                  00000b48    00000008     (__TI_handler_table)
                  00000b50    00000007     (.cinit..data.load) [load image, compression = lzss]
                  00000b57    00000001     --HOLE-- [fill = 0]
                  00000b58    00000008     (__TI_cinit_table)

.init_array 
*          0    00000000    00000000     UNINITIALIZED

.data      0    20000200    00000004     UNINITIALIZED
                  20000200    00000004     main.obj (.data)

.stack     0    20000000    00000200     UNINITIALIZED
                  20000000    00000004     rtsv7M4_T_le_v4SPD16_eabi.lib : boot_cortex_m.c.obj (.stack)
                  20000004    000001fc     --HOLE--

__llvm_prf_cnts 
*          0    20000000    00000000     UNINITIALIZED

MODULE SUMMARY

       Module                         code   ro data   rw data
       ------                         ----   -------   -------
    .\
       tm4c123gh6pm_startup_ccs.obj   12     620       0      
       main.obj                       404    0         4      
    +--+------------------------------+------+---------+---------+
       Total:                         416    620       4      
                                                              
    C:/ti/TivaWare_C_Series-2.1.4.178/driverlib/ccs/Debug/driverlib.lib
       gpio.obj                       468    144       0      
       sysctl.obj                     302    0         0      
       interrupt.obj                  120    112       0      
       uart.obj                       144    0         0      
       timer.obj                      140    0         0      
       cpu.obj                        12     0         0      
    +--+------------------------------+------+---------+---------+
       Total:                         1186   256       0      
                                                              
    C:\ti\ccs1230\ccs\tools\compiler\ti-cgt-arm_20.2.7.LTS\lib\rtsv7M4_T_le_v4SPD16_eabi.lib
       memcpy_t2.asm.obj              156    0         0      
       copy_decompress_lzss.c.obj     104    0         0      
       autoinit.c.obj                 68     0         0      
       boot_cortex_m.c.obj            52     0         0      
       copy_decompress_none.c.obj     14     0         0      
       exit.c.obj                     4      0         0      
       pre_init.c.obj                 4      0         0      
    +--+------------------------------+------+---------+---------+
       Total:                         402    0         0      
                                                              
       Stack:                         0      0         512    
       Linker Generated:              0      23        0      
    +--+------------------------------+------+---------+---------+
       Grand Total:                   2004   899       516    


LINKER GENERATED COPY TABLES

__TI_cinit_table @ 00000b58 records: 1, size/record: 8, table size: 8
	.data: load addr=00000b50, load size=00000007 bytes, run addr=20000200, run size=00000004 bytes, compression=lzss


LINKER GENERATED HANDLER TABLE

__TI_handler_table @ 00000b48 records: 2, size/record: 4, table size: 8
	index: 0, handler: __TI_decompress_lzss
	index: 1, handler: __TI_decompress_none


GLOBAL SYMBOLS: SORTED ALPHABETICALLY BY Name 

address   name                          
-------   ----                          
00000a43  C$$EXIT                       
000009f9  CPUcpsie                      
00000931  GPIODirModeSet                
00000401  GPIOPadConfigSet              
000007f5  GPIOPinConfigure              
0000097d  GPIOPinTypeGPIOOutput         
000009a9  GPIOPinTypeUART               
00000a2b  GPIOPinWrite                  
000006c5  IntEnable                     
000009cd  IntMasterEnable               
00000a05  ResetISR                      
00000535  SysCtlClockSet                
00000a31  SysCtlDelay                   
000008c9  SysCtlPeripheralEnable        
0000026d  Timer0IntHandler              
00000795  TimerConfigure                
000009dd  TimerEnable                   
00000a37  TimerIntClear                 
00000a1b  TimerIntEnable                
000009bb  TimerLoadSet                  
00000a11  UARTCharGet                   
0000083d  UARTConfigSetExpClk           
0000095d  UARTDisable                   
00000995  UARTEnable                    
00000a3b  UARTIntClear                  
00000a23  UARTIntEnable                 
000002ab  UARTIntHandler                
20000200  __STACK_END                   
00000200  __STACK_SIZE                  
20000200  __STACK_TOP                   
00000b58  __TI_CINIT_Base               
00000b60  __TI_CINIT_Limit              
00000b48  __TI_Handler_Table_Base       
00000b50  __TI_Handler_Table_Limit      
00000885  __TI_auto_init_nobinit_nopinit
0000072d  __TI_decompress_lzss          
000009eb  __TI_decompress_none          
ffffffff  __TI_pprof_out_hndl           
ffffffff  __TI_prof_data_size           
ffffffff  __TI_prof_data_start          
00000000  __TI_static_base__            
00000629  __aeabi_memcpy                
00000629  __aeabi_memcpy4               
00000629  __aeabi_memcpy8               
ffffffff  __binit__                     
ffffffff  __c_args__                    
UNDEFED   __mpu_init                    
20000000  __stack                       
20000000  __start___llvm_prf_cnts       
20000000  __stop___llvm_prf_cnts        
000008fd  _c_int00_noargs               
UNDEFED   _system_post_cinit            
00000a3f  _system_pre_init              
00000a43  abort                         
ffffffff  binit                         
20000203  blueLight                     
00000000  g_pfnVectors                  
20000202  greenLight                    
00000325  main                          
00000629  memcpy                        
20000201  redLight                      
20000200  timerLED                      


GLOBAL SYMBOLS: SORTED BY Symbol Address 

address   name                          
-------   ----                          
00000000  __TI_static_base__            
00000000  g_pfnVectors                  
00000200  __STACK_SIZE                  
0000026d  Timer0IntHandler              
000002ab  UARTIntHandler                
00000325  main                          
00000401  GPIOPadConfigSet              
00000535  SysCtlClockSet                
00000629  __aeabi_memcpy                
00000629  __aeabi_memcpy4               
00000629  __aeabi_memcpy8               
00000629  memcpy                        
000006c5  IntEnable                     
0000072d  __TI_decompress_lzss          
00000795  TimerConfigure                
000007f5  GPIOPinConfigure              
0000083d  UARTConfigSetExpClk           
00000885  __TI_auto_init_nobinit_nopinit
000008c9  SysCtlPeripheralEnable        
000008fd  _c_int00_noargs               
00000931  GPIODirModeSet                
0000095d  UARTDisable                   
0000097d  GPIOPinTypeGPIOOutput         
00000995  UARTEnable                    
000009a9  GPIOPinTypeUART               
000009bb  TimerLoadSet                  
000009cd  IntMasterEnable               
000009dd  TimerEnable                   
000009eb  __TI_decompress_none          
000009f9  CPUcpsie                      
00000a05  ResetISR                      
00000a11  UARTCharGet                   
00000a1b  TimerIntEnable                
00000a23  UARTIntEnable                 
00000a2b  GPIOPinWrite                  
00000a31  SysCtlDelay                   
00000a37  TimerIntClear                 
00000a3b  UARTIntClear                  
00000a3f  _system_pre_init              
00000a43  C$$EXIT                       
00000a43  abort                         
00000b48  __TI_Handler_Table_Base       
00000b50  __TI_Handler_Table_Limit      
00000b58  __TI_CINIT_Base               
00000b60  __TI_CINIT_Limit              
20000000  __stack                       
20000000  __start___llvm_prf_cnts       
20000000  __stop___llvm_prf_cnts        
20000200  __STACK_END                   
20000200  __STACK_TOP                   
20000200  timerLED                      
20000201  redLight                      
20000202  greenLight                    
20000203  blueLight                     
ffffffff  __TI_pprof_out_hndl           
ffffffff  __TI_prof_data_size           
ffffffff  __TI_prof_data_start          
ffffffff  __binit__                     
ffffffff  __c_args__                    
ffffffff  binit                         
UNDEFED   __mpu_init                    
UNDEFED   _system_post_cinit            

[62 symbols]
